// Jest Snapshot v1, https://goo.gl/fbAQLP

exports[`<app-root> When the application stats displays the welcome message 1`] = `
<app-root
  title={[Function String]}
>
  <h1>
    Jest Playground!
  </h1><p>
     Welcome to the playground, you will find all testing samples in 
    <code>
      *.spec.ts
    </code>
     files.
  
  </p>
</app-root>
`;
